...............................................................          [100%]
63 passed in 3.11s
